// Jest Snapshot v1, https://goo.gl/fbAQLP

exports[`Button renders correctly. 1`] = `
.c0 {
  font-size: 1em;
  border-radius: 3px;
  cursor: pointer;
  color: #70A288;
  border: 2px solid #70A288;
  padding: 0.25rem 1rem;
  margin: 0;
}

<button
  className="c0"
/>
`;
