// Jest Snapshot v1, https://goo.gl/fbAQLP

exports[`Button renders correctly. 1`] = `
.c0 {
  color: palevioletred;
  font-size: 2.5rem;
  margin-top: 0;
  margin-bottom: 12px;
}

<h1
  className="c0"
/>
`;
